* 2D - three line bus in layered dielectric
*
* This is the same as 'three_line_bus_2d.lst' but all input
* data is included in a single file
*
* capacitance should be about:
* C11 = 142.2 pF/m, C12 = 21.8 pF/m, C13 = 0.9 pF/m,
* C22 = 93.5 pF/m, C23 = 18.1 pF/m, C33 = 88 pF/m
* See W. Delbare, D. De Zutter, "Space-Domain Greens Funcion Approach
* to the Capacitance Calculation of Multiconductor Lines in Multilayered Dielectrics
* with Improved Surface Charge Modeling", IEEE Transactions on MTT, Vol. 37, No. 10, Oct 1989


C microstrip_top_0.035.txt 3.2 -0.05 0.02 +
C microstrip_bottom_0.035.txt 4.3  -0.05 0.02

C microstrip_top_0.035.txt 1.0  0.0 0.03 +
C microstrip_bottom_0.035.txt 3.2  0.0 0.03

C microstrip_top_0.035.txt 1.0  0.05 0.03 +
C microstrip_bottom_0.035.txt 3.2  0.05 0.03

D diel1_microstrips_0.035.txt  3.2 4.3  0.0 0.02  0.0  0.05

D diel2_microstrips_0.035.txt  1.0 3.2  0.0 0.03  0.0  0.05

* gnd plane below the signal lines
C gnd_plane.txt 4.3  0.0 0.0


File microstrip_top_0.035.txt

0 microstrip top
*
S microstrip -0.0175 0.0  -0.0175 0.007
S microstrip -0.0175 0.007  0.0175 0.007
S microstrip  0.0175 0.007  0.0175 0.0

End


File microstrip_bottom_0.035.txt

0 microstrip bottom
*
S microstrip -0.0175 0.0  0.0175 0.0

End


File diel1_microstrips_0.035.txt

0 dielectric interface between microstrips
*
S diel  -0.4 0.0  -0.0675 0.0
S diel  -0.0325 0.0  0.4 0.0

End


File diel2_microstrips_0.035.txt

0 dielectric interface between microstrips
*
S diel  -0.4 0.0  -0.0175 0.0
S diel  0.0175 0.0  0.325 0.0
S diel  0.0675 0.0  0.4 0.0

End


File gnd_plane.txt

0 1 unit segment
*
S gnd  -0.4 0.0  0.4 0.0

End



